// Jest Snapshot v1, https://goo.gl/fbAQLP

exports[`App has a valid snapshot 1`] = `
<div
  className="App"
>
  <header
    className="App-header"
  >
    <img
      alt="logo"
      className="App-logo"
      src="logo.svg"
    />
    <h1
      className="App-title"
    >
      Welcome to Hacker News with React
    </h1>
  </header>
  <br />
  <div
    className="page"
  >
    <div
      className="interactions"
    >
      <form
        onSubmit={[Function]}
        style={
          Object {
            "display": "flex",
            "flexDirection": "row",
            "flexWrap": "wrap",
            "justifyContent": "space-around",
          }
        }
      >
        <div
          aria-describedby={undefined}
          className="MuiFormControl-root-1"
          onBlur={[Function]}
          onFocus={[Function]}
          style={
            Object {
              "margin": "0 2em",
              "width": "15em",
            }
          }
        >
          <label
            className="MuiFormLabel-root-10 MuiInputLabel-root-5 MuiInputLabel-formControl-6 MuiInputLabel-animated-9"
            data-shrink={false}
            htmlFor={undefined}
          >
            Search Anything!
          </label>
          <div
            className="MuiInput-root-15 MuiInput-formControl-16 MuiInput-underline-19"
          >
            <input
              aria-invalid={false}
              aria-required={false}
              autoComplete={undefined}
              autoFocus={undefined}
              className="MuiInput-input-23"
              defaultValue={undefined}
              disabled={false}
              id={undefined}
              name={undefined}
              onBlur={[Function]}
              onChange={[Function]}
              onFocus={[Function]}
              onKeyDown={undefined}
              onKeyUp={undefined}
              placeholder="Redux"
              readOnly={undefined}
              required={undefined}
              rows={undefined}
              type="text"
              value={undefined}
            />
          </div>
        </div>
        <button
          className="MuiButtonBase-root-43 MuiButton-root-28 MuiButton-raised-33 MuiButton-raisedPrimary-34 MuiButton-sizeLarge-41"
          disabled={false}
          onBlur={[Function]}
          onFocus={[Function]}
          onKeyDown={[Function]}
          onKeyUp={[Function]}
          onMouseDown={[Function]}
          onMouseLeave={[Function]}
          onMouseUp={[Function]}
          onTouchEnd={[Function]}
          onTouchMove={[Function]}
          onTouchStart={[Function]}
          style={
            Object {
              "margin": "1em 0",
            }
          }
          tabIndex="0"
          type="submit"
        >
          <span
            className="MuiButton-label-29"
          >
            <span>
              Search 
            </span>
          </span>
          <span
            className="MuiTouchRipple-root-46"
          />
        </button>
      </form>
    </div>
    <div>
      <div
        style={
          Object {
            "alignItems": "center",
            "display": "flex",
            "flexDirection": "column",
          }
        }
      >
        <div
          className="table"
        >
          <div
            className="table-header"
          >
            <button
              className="MuiButtonBase-root-43 MuiButton-root-28 MuiButton-flatPrimary-30"
              disabled={false}
              onBlur={[Function]}
              onClick={[Function]}
              onFocus={[Function]}
              onKeyDown={[Function]}
              onKeyUp={[Function]}
              onMouseDown={[Function]}
              onMouseLeave={[Function]}
              onMouseUp={[Function]}
              onTouchEnd={[Function]}
              onTouchMove={[Function]}
              onTouchStart={[Function]}
              style={
                Object {
                  "minWidth": "12em",
                }
              }
              tabIndex="0"
              type="button"
            >
              <span
                className="MuiButton-label-29"
              >
                Title
                <div
                  className="arrowContainer"
                >
                  <div
                    className=""
                  />
                </div>
              </span>
              <span
                className="MuiTouchRipple-root-46"
              />
            </button>
            <button
              className="MuiButtonBase-root-43 MuiButton-root-28 MuiButton-flatPrimary-30"
              disabled={false}
              onBlur={[Function]}
              onClick={[Function]}
              onFocus={[Function]}
              onKeyDown={[Function]}
              onKeyUp={[Function]}
              onMouseDown={[Function]}
              onMouseLeave={[Function]}
              onMouseUp={[Function]}
              onTouchEnd={[Function]}
              onTouchMove={[Function]}
              onTouchStart={[Function]}
              style={
                Object {
                  "minWidth": "12em",
                }
              }
              tabIndex="0"
              type="button"
            >
              <span
                className="MuiButton-label-29"
              >
                Author
                <div
                  className="arrowContainer"
                >
                  <div
                    className=""
                  />
                </div>
              </span>
              <span
                className="MuiTouchRipple-root-46"
              />
            </button>
            <button
              className="MuiButtonBase-root-43 MuiButton-root-28 MuiButton-flatPrimary-30"
              disabled={false}
              onBlur={[Function]}
              onClick={[Function]}
              onFocus={[Function]}
              onKeyDown={[Function]}
              onKeyUp={[Function]}
              onMouseDown={[Function]}
              onMouseLeave={[Function]}
              onMouseUp={[Function]}
              onTouchEnd={[Function]}
              onTouchMove={[Function]}
              onTouchStart={[Function]}
              style={
                Object {
                  "minWidth": "12em",
                }
              }
              tabIndex="0"
              type="button"
            >
              <span
                className="MuiButton-label-29"
              >
                Comments
                <div
                  className="arrowContainer"
                >
                  <div
                    className=""
                  />
                </div>
              </span>
              <span
                className="MuiTouchRipple-root-46"
              />
            </button>
            <button
              className="MuiButtonBase-root-43 MuiButton-root-28 MuiButton-flatPrimary-30"
              disabled={false}
              onBlur={[Function]}
              onClick={[Function]}
              onFocus={[Function]}
              onKeyDown={[Function]}
              onKeyUp={[Function]}
              onMouseDown={[Function]}
              onMouseLeave={[Function]}
              onMouseUp={[Function]}
              onTouchEnd={[Function]}
              onTouchMove={[Function]}
              onTouchStart={[Function]}
              style={
                Object {
                  "minWidth": "12em",
                }
              }
              tabIndex="0"
              type="button"
            >
              <span
                className="MuiButton-label-29"
              >
                Points
                <div
                  className="arrowContainer"
                >
                  <div
                    className=""
                  />
                </div>
              </span>
              <span
                className="MuiTouchRipple-root-46"
              />
            </button>
          </div>
        </div>
        <div
          className="loader loader--style1"
          title="0"
        >
          <svg
            height="40px"
            id="loader-1"
            width="40px"
          >
            <path
              d="M20.201,5.169c-8.254,0-14.946,6.692-14.946,14.946c0,8.255,6.692,14.946,14.946,14.946
 s14.946-6.691,14.946-14.946C35.146,11.861,28.455,5.169,20.201,5.169z M20.201,31.749c-6.425,0-11.634-5.208-11.634-11.634
 c0-6.425,5.209-11.634,11.634-11.634c6.425,0,11.633,5.209,11.633,11.634C31.834,26.541,26.626,31.749,20.201,31.749z"
              opacity="0.2"
            />
            <path
              d="M26.013,10.047l1.654-2.866c-2.198-1.272-4.743-2.012-7.466-2.012h0v3.312h0
 C22.32,8.481,24.301,9.057,26.013,10.047z"
              fill="#000"
            >
              <animateTransform
                attributeName="transform"
                attributeType="xml"
                dur="0.5s"
                from="0 20 20"
                repeatCount="indefinite"
                to="360 20 20"
                type="rotate"
              />
            </path>
          </svg>
        </div>
      </div>
    </div>
  </div>
</div>
`;
