// Jest Snapshot v1, https://goo.gl/fbAQLP

exports[`App has a valid snapshot 1`] = `
<div
  className="App"
>
  <AppHeader />
  <br />
  <Page
    error={null}
    isError={false}
    isLoading={true}
    list={Array []}
    onChange={[Function]}
    onClick={[Function]}
    onDismiss={[Function]}
    onSubmit={[Function]}
    value="redux"
  />
</div>
`;
